[0m04:00:45.193810 [debug] [MainThread]: Sending event: {'category': 'dbt', 'action': 'invocation', 'label': 'start', 'context': [<snowplow_tracker.self_describing_json.SelfDescribingJson object at 0x000002100756E510>, <snowplow_tracker.self_describing_json.SelfDescribingJson object at 0x000002100511D090>, <snowplow_tracker.self_describing_json.SelfDescribingJson object at 0x0000021009F0F890>]}


============================== 04:00:45.198600 | 6e70425d-b788-4200-98c6-4d274da87994 ==============================
[0m04:00:45.198600 [info ] [MainThread]: Running with dbt=1.12.5
[0m04:00:45.199683 [debug] [MainThread]: running dbt with arguments {'version_check': 'True', 'no_print': 'None', 'maximum_seed_size_mib': '1', 'target_path': 'None', 'warn_error_options': 'WarnErrorOptionsV2(error=[], warn=[], silence=[])', 'static_parser': 'True', 'printer_width': '80', 'write_json': 'True', 'empty': 'None', 'log_cache_events': 'False', 'introspect': 'True', 'cache_selected_only': 'False', 'log_format': 'default', 'debug': 'False', 'fail_fast': 'False', 'partial_parse': 'True', 'send_anonymous_usage_stats': 'True', 'quiet': 'False', 'warn_error': 'None', 'profiles_dir': 'C:\\Users\\jacks\\.dbt', 'indirect_selection': 'eager', 'hints_enabled': 'True', 'use_colors': 'True', 'use_experimental_parser': 'False', 'invocation_command': 'dbt init meu_projeto_dbt', 'log_path': 'logs'}
[0m04:00:45.219843 [debug] [MainThread]: Starter project path: C:\Users\jacks\AppData\Local\Programs\Python\Python314\Lib\site-packages\dbt\include\starter_project
[0m04:00:45.237417 [info ] [MainThread]: Setting up your profile.
[0m04:34:18.404678 [info ] [MainThread]: Profile meu_projeto_dbt written to C:\Users\jacks\.dbt\profiles.yml using target's profile_template.yml and your supplied values.
[0m04:34:18.458411 [info ] [MainThread]: Running dbt debug to validate the project...
[0m04:34:18.464233 [info ] [MainThread]: dbt version: 1.12.5
[0m04:34:18.466199 [info ] [MainThread]: python version: 3.14.5
[0m04:34:18.467207 [info ] [MainThread]: python path: C:\Users\jacks\AppData\Local\Programs\Python\Python314\python.exe
[0m04:34:18.468314 [info ] [MainThread]: os info: Windows-11-10.0.26200-SP0
[0m04:34:18.655006 [info ] [MainThread]: Using profiles dir at C:\Users\jacks\.dbt
[0m04:34:18.655822 [info ] [MainThread]: Using profiles.yml file at C:\Users\jacks\.dbt\profiles.yml
[0m04:34:18.656569 [info ] [MainThread]: Using dbt_project.yml file at C:\Users\jacks\Downloads\PROJETO\projeto_dbt\meu_projeto_dbt\dbt_project.yml
[0m04:34:18.657239 [info ] [MainThread]: adapter type: bigquery
[0m04:34:18.657773 [info ] [MainThread]: adapter version: 1.12.1
[0m04:34:18.806864 [info ] [MainThread]: Configuration:
[0m04:34:18.807414 [info ] [MainThread]:   profiles.yml file [[32mOK found and valid[0m]
[0m04:34:18.807748 [info ] [MainThread]:   dbt_project.yml file [[32mOK found and valid[0m]
[0m04:34:18.808054 [info ] [MainThread]: Required dependencies:
[0m04:34:18.808703 [debug] [MainThread]: Executing "git --help"
[0m04:34:18.818524 [info ] [MainThread]:  - git [[31mERROR[0m]

[0m04:34:18.819078 [info ] [MainThread]: Connection:
[0m04:34:18.819445 [info ] [MainThread]:   method: oauth
[0m04:34:18.819729 [info ] [MainThread]:   database: analise-taxis-projeto
[0m04:34:18.820050 [info ] [MainThread]:   execution_project: analise-taxis-projeto
[0m04:34:18.820369 [info ] [MainThread]:   schema: taxis_dataset
[0m04:34:18.820642 [info ] [MainThread]:   location: US
[0m04:34:18.820901 [info ] [MainThread]:   priority: interactive
[0m04:34:18.821161 [info ] [MainThread]:   maximum_bytes_billed: None
[0m04:34:18.821744 [info ] [MainThread]:   reservation: None
[0m04:34:18.822054 [info ] [MainThread]:   impersonate_service_account: None
[0m04:34:18.822328 [info ] [MainThread]:   job_retry_deadline_seconds: None
[0m04:34:18.822588 [info ] [MainThread]:   job_retries: 1
[0m04:34:18.822844 [info ] [MainThread]:   job_creation_timeout_seconds: None
[0m04:34:18.823100 [info ] [MainThread]:   job_execution_timeout_seconds: 300
[0m04:34:18.823438 [info ] [MainThread]:   job_link_info_level_log: False
[0m04:34:18.823714 [info ] [MainThread]:   timeout_seconds: 300
[0m04:34:18.824144 [info ] [MainThread]:   client_id: None
[0m04:34:18.824605 [info ] [MainThread]:   token_uri: None
[0m04:34:18.824975 [info ] [MainThread]:   compute_region: None
[0m04:34:18.825248 [info ] [MainThread]:   dataproc_cluster_name: None
[0m04:34:18.825522 [info ] [MainThread]:   gcs_bucket: None
[0m04:34:18.825794 [info ] [MainThread]:   dataproc_batch: None
[0m04:34:18.829782 [info ] [MainThread]: Registered adapter: bigquery=1.12.1
[0m04:34:20.025929 [debug] [MainThread]: Acquiring new bigquery connection 'debug'
[0m04:34:20.026824 [debug] [MainThread]: On debug: select 1 as id
[0m04:34:20.028347 [debug] [MainThread]: Opening a new connection, currently in state init
[0m04:34:23.069321 [debug] [MainThread]: BigQuery adapter: Got an error when attempting to create a bigquery " "client: 'Runtime Error
  Failed to authenticate with supplied credentials
  error:
  Your default credentials were not found. To set up Application Default Credentials, see https://cloud.google.com/docs/authentication/external/set-up-adc for more information.'
[0m04:34:23.070117 [debug] [MainThread]: BigQuery adapter: Unhandled error while running:
select 1 as id
[0m04:34:23.070536 [debug] [MainThread]: BigQuery adapter: Database Error
  Runtime Error
    Failed to authenticate with supplied credentials
    error:
    Your default credentials were not found. To set up Application Default Credentials, see https://cloud.google.com/docs/authentication/external/set-up-adc for more information.
[0m04:34:23.070973 [info ] [MainThread]:   Connection test: [[31mERROR[0m]

[0m04:34:23.071612 [info ] [MainThread]: [31m2 checks failed:[0m
[0m04:34:23.072271 [info ] [MainThread]: Error from git --help: Could not find command, ensure it is in the user's PATH and that the user has permissions to run it: "git"

[0m04:34:23.072859 [info ] [MainThread]: dbt was unable to connect to the specified database.
The database returned the following error:

  >'NoneType' object has no attribute 'close'

Check your database credentials and try again. For more information, visit:
https://docs.getdbt.com/docs/configure-your-profile


[0m04:34:23.073564 [info ] [MainThread]: Your new dbt project "meu_projeto_dbt" was created!
Initialized new project in C:\Users\jacks\Downloads\PROJETO\projeto_dbt\meu_projeto_dbt\meu_projeto_dbt

For more information on how to configure the profiles.yml file,
please consult the dbt documentation here:

  https://docs.getdbt.com/docs/configure-your-profile

One more thing:

Need help? Don't hesitate to reach out to us via GitHub issues or on Slack:

  https://community.getdbt.com/

Happy modeling!

[0m04:34:23.074221 [info ] [MainThread]: [31mYour profile may need adjustments. You can find the logs of `dbt debug` above[0m
[0m04:34:23.077775 [debug] [MainThread]: Command `dbt init` succeeded at 04:34:23.077101 after 2018.24 seconds
[0m04:34:23.079056 [debug] [MainThread]: Sending event: {'category': 'dbt', 'action': 'invocation', 'label': 'end', 'context': [<snowplow_tracker.self_describing_json.SelfDescribingJson object at 0x000002101BE22FD0>, <snowplow_tracker.self_describing_json.SelfDescribingJson object at 0x000002101BFCEC30>, <snowplow_tracker.self_describing_json.SelfDescribingJson object at 0x000002101C16D7B0>]}
[0m04:34:23.080423 [debug] [MainThread]: Flushing usage events
[0m04:34:24.072401 [debug] [MainThread]: An error was encountered while trying to flush usage events
[0m04:38:45.338559 [debug] [MainThread]: Sending event: {'category': 'dbt', 'action': 'invocation', 'label': 'start', 'context': [<snowplow_tracker.self_describing_json.SelfDescribingJson object at 0x0000021F581EE510>, <snowplow_tracker.self_describing_json.SelfDescribingJson object at 0x0000021F55D9D090>, <snowplow_tracker.self_describing_json.SelfDescribingJson object at 0x0000021F5AB8F890>]}


============================== 04:38:45.344721 | 5c1261bc-cba7-4b1c-b780-606317c64986 ==============================
[0m04:38:45.344721 [info ] [MainThread]: Running with dbt=1.12.5
[0m04:38:45.345570 [debug] [MainThread]: running dbt with arguments {'version_check': 'True', 'no_print': 'None', 'static_parser': 'True', 'target_path': 'None', 'maximum_seed_size_mib': '1', 'warn_error_options': 'WarnErrorOptionsV2(error=[], warn=[], silence=[])', 'printer_width': '80', 'write_json': 'True', 'introspect': 'True', 'log_cache_events': 'False', 'empty': 'None', 'cache_selected_only': 'False', 'fail_fast': 'False', 'debug': 'False', 'log_format': 'default', 'profiles_dir': 'C:\\Users\\jacks\\.dbt', 'send_anonymous_usage_stats': 'True', 'quiet': 'False', 'warn_error': 'None', 'partial_parse': 'True', 'use_colors': 'True', 'hints_enabled': 'True', 'indirect_selection': 'eager', 'use_experimental_parser': 'False', 'invocation_command': 'dbt debug', 'log_path': 'logs'}
[0m04:38:45.378410 [info ] [MainThread]: dbt version: 1.12.5
[0m04:38:45.378942 [info ] [MainThread]: python version: 3.14.5
[0m04:38:45.379487 [info ] [MainThread]: python path: C:\Users\jacks\AppData\Local\Programs\Python\Python314\python.exe
[0m04:38:45.379925 [info ] [MainThread]: os info: Windows-11-10.0.26200-SP0
[0m04:38:47.092358 [info ] [MainThread]: Using profiles dir at C:\Users\jacks\.dbt
[0m04:38:47.093314 [info ] [MainThread]: Using profiles.yml file at C:\Users\jacks\.dbt\profiles.yml
[0m04:38:47.093943 [info ] [MainThread]: Using dbt_project.yml file at C:\Users\jacks\Downloads\PROJETO\projeto_dbt\dbt_project.yml
[0m04:38:47.094332 [info ] [MainThread]: adapter type: bigquery
[0m04:38:47.094652 [info ] [MainThread]: adapter version: 1.12.1
[0m04:38:47.095125 [info ] [MainThread]: Configuration:
[0m04:38:47.095464 [info ] [MainThread]:   profiles.yml file [[32mOK found and valid[0m]
[0m04:38:47.095786 [info ] [MainThread]:   dbt_project.yml file [[31mERROR not found[0m]
[0m04:38:47.096147 [info ] [MainThread]: Required dependencies:
[0m04:38:47.096510 [debug] [MainThread]: Executing "git --help"
[0m04:38:47.102822 [info ] [MainThread]:  - git [[31mERROR[0m]

[0m04:38:47.103616 [info ] [MainThread]: Connection:
[0m04:38:47.104189 [info ] [MainThread]:   method: oauth
[0m04:38:47.104488 [info ] [MainThread]:   database: analise-taxis-projeto
[0m04:38:47.104767 [info ] [MainThread]:   execution_project: analise-taxis-projeto
[0m04:38:47.105033 [info ] [MainThread]:   schema: taxis_dataset
[0m04:38:47.105297 [info ] [MainThread]:   location: US
[0m04:38:47.105555 [info ] [MainThread]:   priority: interactive
[0m04:38:47.105830 [info ] [MainThread]:   maximum_bytes_billed: None
[0m04:38:47.106097 [info ] [MainThread]:   reservation: None
[0m04:38:47.106366 [info ] [MainThread]:   impersonate_service_account: None
[0m04:38:47.106630 [info ] [MainThread]:   job_retry_deadline_seconds: None
[0m04:38:47.106901 [info ] [MainThread]:   job_retries: 1
[0m04:38:47.107166 [info ] [MainThread]:   job_creation_timeout_seconds: None
[0m04:38:47.107424 [info ] [MainThread]:   job_execution_timeout_seconds: 300
[0m04:38:47.107693 [info ] [MainThread]:   job_link_info_level_log: False
[0m04:38:47.107962 [info ] [MainThread]:   timeout_seconds: 300
[0m04:38:47.108216 [info ] [MainThread]:   client_id: None
[0m04:38:47.108471 [info ] [MainThread]:   token_uri: None
[0m04:38:47.108725 [info ] [MainThread]:   compute_region: None
[0m04:38:47.108979 [info ] [MainThread]:   dataproc_cluster_name: None
[0m04:38:47.109240 [info ] [MainThread]:   gcs_bucket: None
[0m04:38:47.109507 [info ] [MainThread]:   dataproc_batch: None
[0m04:38:47.110127 [info ] [MainThread]: Registered adapter: bigquery=1.12.1
[0m04:38:47.713915 [debug] [MainThread]: Acquiring new bigquery connection 'debug'
[0m04:38:47.714379 [debug] [MainThread]: On debug: select 1 as id
[0m04:38:47.714722 [debug] [MainThread]: Opening a new connection, currently in state init
[0m04:38:50.677717 [debug] [MainThread]: BigQuery adapter: Got an error when attempting to create a bigquery " "client: 'Runtime Error
  Failed to authenticate with supplied credentials
  error:
  Your default credentials were not found. To set up Application Default Credentials, see https://cloud.google.com/docs/authentication/external/set-up-adc for more information.'
[0m04:38:50.678608 [debug] [MainThread]: BigQuery adapter: Unhandled error while running:
select 1 as id
[0m04:38:50.678941 [debug] [MainThread]: BigQuery adapter: Database Error
  Runtime Error
    Failed to authenticate with supplied credentials
    error:
    Your default credentials were not found. To set up Application Default Credentials, see https://cloud.google.com/docs/authentication/external/set-up-adc for more information.
[0m04:38:50.679329 [info ] [MainThread]:   Connection test: [[31mERROR[0m]

[0m04:38:50.680420 [info ] [MainThread]: [31m3 checks failed:[0m
[0m04:38:50.681277 [info ] [MainThread]: Project loading failed for the following reason:
 project path <C:\Users\jacks\Downloads\PROJETO\projeto_dbt\dbt_project.yml> not found

[0m04:38:50.681932 [info ] [MainThread]: Error from git --help: Could not find command, ensure it is in the user's PATH and that the user has permissions to run it: "git"

[0m04:38:50.682631 [info ] [MainThread]: dbt was unable to connect to the specified database.
The database returned the following error:

  >'NoneType' object has no attribute 'close'

Check your database credentials and try again. For more information, visit:
https://docs.getdbt.com/docs/configure-your-profile


[0m04:38:50.684172 [debug] [MainThread]: Command `dbt debug` failed at 04:38:50.683930 after 5.73 seconds
[0m04:38:50.684704 [debug] [MainThread]: Sending event: {'category': 'dbt', 'action': 'invocation', 'label': 'end', 'context': [<snowplow_tracker.self_describing_json.SelfDescribingJson object at 0x0000021F6CA9A8B0>, <snowplow_tracker.self_describing_json.SelfDescribingJson object at 0x0000021F6CB37650>, <snowplow_tracker.self_describing_json.SelfDescribingJson object at 0x0000021F6CCF16A0>]}
[0m04:38:50.685195 [debug] [MainThread]: Flushing usage events
[0m04:38:51.599033 [debug] [MainThread]: An error was encountered while trying to flush usage events
[0m04:46:39.971614 [debug] [MainThread]: Sending event: {'category': 'dbt', 'action': 'invocation', 'label': 'start', 'context': [<snowplow_tracker.self_describing_json.SelfDescribingJson object at 0x000001B94553A510>, <snowplow_tracker.self_describing_json.SelfDescribingJson object at 0x000001B9430ED090>, <snowplow_tracker.self_describing_json.SelfDescribingJson object at 0x000001B947EDF890>]}


============================== 04:46:39.976525 | f6293b64-e3a7-4b99-a15c-29670ce91219 ==============================
[0m04:46:39.976525 [info ] [MainThread]: Running with dbt=1.12.5
[0m04:46:39.977424 [debug] [MainThread]: running dbt with arguments {'maximum_seed_size_mib': '1', 'no_print': 'None', 'version_check': 'True', 'warn_error_options': 'WarnErrorOptionsV2(error=[], warn=[], silence=[])', 'static_parser': 'True', 'target_path': 'None', 'printer_width': '80', 'write_json': 'True', 'introspect': 'True', 'log_cache_events': 'False', 'empty': 'None', 'cache_selected_only': 'False', 'log_format': 'default', 'debug': 'False', 'fail_fast': 'False', 'partial_parse': 'True', 'send_anonymous_usage_stats': 'True', 'quiet': 'False', 'warn_error': 'None', 'profiles_dir': 'C:\\Users\\jacks\\.dbt', 'indirect_selection': 'eager', 'hints_enabled': 'True', 'invocation_command': 'dbt debug', 'use_experimental_parser': 'False', 'use_colors': 'True', 'log_path': 'C:\\Users\\jacks\\Downloads\\PROJETO\\projeto_dbt\\logs'}
[0m04:46:40.000297 [info ] [MainThread]: dbt version: 1.12.5
[0m04:46:40.000930 [info ] [MainThread]: python version: 3.14.5
[0m04:46:40.001408 [info ] [MainThread]: python path: C:\Users\jacks\AppData\Local\Programs\Python\Python314\python.exe
[0m04:46:40.001751 [info ] [MainThread]: os info: Windows-11-10.0.26200-SP0
[0m04:46:41.206469 [info ] [MainThread]: Using profiles dir at C:\Users\jacks\.dbt
[0m04:46:41.207409 [info ] [MainThread]: Using profiles.yml file at C:\Users\jacks\.dbt\profiles.yml
[0m04:46:41.208066 [info ] [MainThread]: Using dbt_project.yml file at C:\Users\jacks\Downloads\PROJETO\projeto_dbt\dbt_project.yml
[0m04:46:41.208520 [info ] [MainThread]: adapter type: bigquery
[0m04:46:41.208932 [info ] [MainThread]: adapter version: 1.12.1
[0m04:46:41.341175 [info ] [MainThread]: Configuration:
[0m04:46:41.341851 [info ] [MainThread]:   profiles.yml file [[32mOK found and valid[0m]
[0m04:46:41.342384 [info ] [MainThread]:   dbt_project.yml file [[32mOK found and valid[0m]
[0m04:46:41.343069 [info ] [MainThread]: Required dependencies:
[0m04:46:41.343696 [debug] [MainThread]: Executing "git --help"
[0m04:46:41.349835 [info ] [MainThread]:  - git [[31mERROR[0m]

[0m04:46:41.350461 [info ] [MainThread]: Connection:
[0m04:46:41.351048 [info ] [MainThread]:   method: oauth
[0m04:46:41.351570 [info ] [MainThread]:   database: analise-taxis-projeto
[0m04:46:41.352110 [info ] [MainThread]:   execution_project: analise-taxis-projeto
[0m04:46:41.352651 [info ] [MainThread]:   schema: taxis_dataset
[0m04:46:41.353234 [info ] [MainThread]:   location: US
[0m04:46:41.353844 [info ] [MainThread]:   priority: interactive
[0m04:46:41.354412 [info ] [MainThread]:   maximum_bytes_billed: None
[0m04:46:41.355603 [info ] [MainThread]:   reservation: None
[0m04:46:41.356391 [info ] [MainThread]:   impersonate_service_account: None
[0m04:46:41.356967 [info ] [MainThread]:   job_retry_deadline_seconds: None
[0m04:46:41.357591 [info ] [MainThread]:   job_retries: 1
[0m04:46:41.358175 [info ] [MainThread]:   job_creation_timeout_seconds: None
[0m04:46:41.358826 [info ] [MainThread]:   job_execution_timeout_seconds: 300
[0m04:46:41.359598 [info ] [MainThread]:   job_link_info_level_log: False
[0m04:46:41.360109 [info ] [MainThread]:   timeout_seconds: 300
[0m04:46:41.360470 [info ] [MainThread]:   client_id: None
[0m04:46:41.360800 [info ] [MainThread]:   token_uri: None
[0m04:46:41.361200 [info ] [MainThread]:   compute_region: None
[0m04:46:41.361703 [info ] [MainThread]:   dataproc_cluster_name: None
[0m04:46:41.362251 [info ] [MainThread]:   gcs_bucket: None
[0m04:46:41.362814 [info ] [MainThread]:   dataproc_batch: None
[0m04:46:41.363765 [info ] [MainThread]: Registered adapter: bigquery=1.12.1
[0m04:46:42.029913 [debug] [MainThread]: Acquiring new bigquery connection 'debug'
[0m04:46:42.030365 [debug] [MainThread]: On debug: select 1 as id
[0m04:46:42.030676 [debug] [MainThread]: Opening a new connection, currently in state init
[0m04:46:45.189610 [debug] [MainThread]: BigQuery adapter: Got an error when attempting to create a bigquery " "client: 'Runtime Error
  Failed to authenticate with supplied credentials
  error:
  Your default credentials were not found. To set up Application Default Credentials, see https://cloud.google.com/docs/authentication/external/set-up-adc for more information.'
[0m04:46:45.190241 [debug] [MainThread]: BigQuery adapter: Unhandled error while running:
select 1 as id
[0m04:46:45.190535 [debug] [MainThread]: BigQuery adapter: Database Error
  Runtime Error
    Failed to authenticate with supplied credentials
    error:
    Your default credentials were not found. To set up Application Default Credentials, see https://cloud.google.com/docs/authentication/external/set-up-adc for more information.
[0m04:46:45.190841 [info ] [MainThread]:   Connection test: [[31mERROR[0m]

[0m04:46:45.191636 [info ] [MainThread]: [31m2 checks failed:[0m
[0m04:46:45.192275 [info ] [MainThread]: Error from git --help: Could not find command, ensure it is in the user's PATH and that the user has permissions to run it: "git"

[0m04:46:45.192690 [info ] [MainThread]: dbt was unable to connect to the specified database.
The database returned the following error:

  >'NoneType' object has no attribute 'close'

Check your database credentials and try again. For more information, visit:
https://docs.getdbt.com/docs/configure-your-profile


[0m04:46:45.194328 [debug] [MainThread]: Command `dbt debug` failed at 04:46:45.194137 after 5.55 seconds
[0m04:46:45.195829 [debug] [MainThread]: Sending event: {'category': 'dbt', 'action': 'invocation', 'label': 'end', 'context': [<snowplow_tracker.self_describing_json.SelfDescribingJson object at 0x000001B959DE5480>, <snowplow_tracker.self_describing_json.SelfDescribingJson object at 0x000001B959F85490>, <snowplow_tracker.self_describing_json.SelfDescribingJson object at 0x000001B959EFFF00>]}
[0m04:46:45.196216 [debug] [MainThread]: Flushing usage events
[0m04:46:46.073718 [debug] [MainThread]: An error was encountered while trying to flush usage events
[0m04:55:00.136459 [debug] [MainThread]: Sending event: {'category': 'dbt', 'action': 'invocation', 'label': 'start', 'context': [<snowplow_tracker.self_describing_json.SelfDescribingJson object at 0x00000257DEA4E510>, <snowplow_tracker.self_describing_json.SelfDescribingJson object at 0x00000257DC5FD090>, <snowplow_tracker.self_describing_json.SelfDescribingJson object at 0x00000257E13EF890>]}


============================== 04:55:00.142333 | a771084c-01b8-40c0-ad2d-26336e55f0bd ==============================
[0m04:55:00.142333 [info ] [MainThread]: Running with dbt=1.12.5
[0m04:55:00.143219 [debug] [MainThread]: running dbt with arguments {'static_parser': 'True', 'no_print': 'None', 'version_check': 'True', 'warn_error_options': 'WarnErrorOptionsV2(error=[], warn=[], silence=[])', 'target_path': 'None', 'maximum_seed_size_mib': '1', 'printer_width': '80', 'write_json': 'True', 'empty': 'None', 'log_cache_events': 'False', 'introspect': 'True', 'cache_selected_only': 'False', 'log_format': 'default', 'debug': 'False', 'fail_fast': 'False', 'profiles_dir': 'C:\\Users\\jacks\\.dbt', 'send_anonymous_usage_stats': 'True', 'quiet': 'False', 'warn_error': 'None', 'partial_parse': 'True', 'use_colors': 'True', 'hints_enabled': 'True', 'invocation_command': 'dbt debug', 'use_experimental_parser': 'False', 'indirect_selection': 'eager', 'log_path': 'C:\\Users\\jacks\\Downloads\\PROJETO\\projeto_dbt\\logs'}
[0m04:55:00.175364 [info ] [MainThread]: dbt version: 1.12.5
[0m04:55:00.176158 [info ] [MainThread]: python version: 3.14.5
[0m04:55:00.177048 [info ] [MainThread]: python path: C:\Users\jacks\AppData\Local\Programs\Python\Python314\python.exe
[0m04:55:00.177567 [info ] [MainThread]: os info: Windows-11-10.0.26200-SP0
[0m04:55:01.875499 [info ] [MainThread]: Using profiles dir at C:\Users\jacks\.dbt
[0m04:55:01.876259 [info ] [MainThread]: Using profiles.yml file at C:\Users\jacks\.dbt\profiles.yml
[0m04:55:01.876926 [info ] [MainThread]: Using dbt_project.yml file at C:\Users\jacks\Downloads\PROJETO\projeto_dbt\dbt_project.yml
[0m04:55:01.877371 [info ] [MainThread]: adapter type: bigquery
[0m04:55:01.877745 [info ] [MainThread]: adapter version: 1.12.1
[0m04:55:01.986691 [info ] [MainThread]: Configuration:
[0m04:55:01.987517 [info ] [MainThread]:   profiles.yml file [[32mOK found and valid[0m]
[0m04:55:01.988156 [info ] [MainThread]:   dbt_project.yml file [[32mOK found and valid[0m]
[0m04:55:01.988480 [info ] [MainThread]: Required dependencies:
[0m04:55:01.988803 [debug] [MainThread]: Executing "git --help"
[0m04:55:01.994578 [info ] [MainThread]:  - git [[31mERROR[0m]

[0m04:55:01.995396 [info ] [MainThread]: Connection:
[0m04:55:01.996296 [info ] [MainThread]:   method: service-account
[0m04:55:01.996734 [info ] [MainThread]:   database: analise-taxis-projeto
[0m04:55:01.997108 [info ] [MainThread]:   execution_project: analise-taxis-projeto
[0m04:55:01.997470 [info ] [MainThread]:   schema: taxis_dataset
[0m04:55:01.997838 [info ] [MainThread]:   location: US
[0m04:55:01.998121 [info ] [MainThread]:   priority: interactive
[0m04:55:01.998392 [info ] [MainThread]:   maximum_bytes_billed: None
[0m04:55:01.998657 [info ] [MainThread]:   reservation: None
[0m04:55:01.998922 [info ] [MainThread]:   impersonate_service_account: None
[0m04:55:01.999255 [info ] [MainThread]:   job_retry_deadline_seconds: None
[0m04:55:01.999842 [info ] [MainThread]:   job_retries: 1
[0m04:55:02.000289 [info ] [MainThread]:   job_creation_timeout_seconds: None
[0m04:55:02.000609 [info ] [MainThread]:   job_execution_timeout_seconds: 300
[0m04:55:02.000881 [info ] [MainThread]:   job_link_info_level_log: False
[0m04:55:02.001151 [info ] [MainThread]:   timeout_seconds: 300
[0m04:55:02.001417 [info ] [MainThread]:   client_id: None
[0m04:55:02.001681 [info ] [MainThread]:   token_uri: None
[0m04:55:02.001944 [info ] [MainThread]:   compute_region: None
[0m04:55:02.002203 [info ] [MainThread]:   dataproc_cluster_name: None
[0m04:55:02.002476 [info ] [MainThread]:   gcs_bucket: None
[0m04:55:02.002734 [info ] [MainThread]:   dataproc_batch: None
[0m04:55:02.003344 [info ] [MainThread]: Registered adapter: bigquery=1.12.1
[0m04:55:02.586239 [debug] [MainThread]: Acquiring new bigquery connection 'debug'
[0m04:55:02.586681 [debug] [MainThread]: On debug: select 1 as id
[0m04:55:02.587005 [debug] [MainThread]: Opening a new connection, currently in state init
[0m04:55:02.587324 [debug] [MainThread]: BigQuery adapter: Got an error when attempting to create a bigquery " "client: 'expected str, bytes or os.PathLike object, not NoneType'
[0m04:55:02.587610 [debug] [MainThread]: BigQuery adapter: Unhandled error while running:
select 1 as id
[0m04:55:02.587842 [debug] [MainThread]: BigQuery adapter: Database Error
  expected str, bytes or os.PathLike object, not NoneType
[0m04:55:02.588099 [info ] [MainThread]:   Connection test: [[31mERROR[0m]

[0m04:55:02.589020 [info ] [MainThread]: [31m2 checks failed:[0m
[0m04:55:02.589752 [info ] [MainThread]: Error from git --help: Could not find command, ensure it is in the user's PATH and that the user has permissions to run it: "git"

[0m04:55:02.590239 [info ] [MainThread]: dbt was unable to connect to the specified database.
The database returned the following error:

  >'NoneType' object has no attribute 'close'

Check your database credentials and try again. For more information, visit:
https://docs.getdbt.com/docs/configure-your-profile


[0m04:55:02.591566 [debug] [MainThread]: Command `dbt debug` failed at 04:55:02.591399 after 2.82 seconds
[0m04:55:02.591995 [debug] [MainThread]: Sending event: {'category': 'dbt', 'action': 'invocation', 'label': 'end', 'context': [<snowplow_tracker.self_describing_json.SelfDescribingJson object at 0x00000257F32E5E00>, <snowplow_tracker.self_describing_json.SelfDescribingJson object at 0x00000257F34A8B90>, <snowplow_tracker.self_describing_json.SelfDescribingJson object at 0x00000257F33FBBD0>]}
[0m04:55:02.592391 [debug] [MainThread]: Flushing usage events
[0m04:55:03.722803 [debug] [MainThread]: An error was encountered while trying to flush usage events
[0m05:04:50.117332 [debug] [MainThread]: Sending event: {'category': 'dbt', 'action': 'invocation', 'label': 'start', 'context': [<snowplow_tracker.self_describing_json.SelfDescribingJson object at 0x000001224522A510>, <snowplow_tracker.self_describing_json.SelfDescribingJson object at 0x0000012242DDD090>, <snowplow_tracker.self_describing_json.SelfDescribingJson object at 0x0000012247BCF890>]}


============================== 05:04:50.123676 | 6075b416-11a3-4614-ad13-c7b27bddf5b2 ==============================
[0m05:04:50.123676 [info ] [MainThread]: Running with dbt=1.12.5
[0m05:04:50.124388 [debug] [MainThread]: running dbt with arguments {'maximum_seed_size_mib': '1', 'no_print': 'None', 'static_parser': 'True', 'warn_error_options': 'WarnErrorOptionsV2(error=[], warn=[], silence=[])', 'target_path': 'None', 'version_check': 'True', 'printer_width': '80', 'write_json': 'True', 'introspect': 'True', 'log_cache_events': 'False', 'empty': 'None', 'cache_selected_only': 'False', 'fail_fast': 'False', 'debug': 'False', 'log_format': 'default', 'profiles_dir': 'C:\\Users\\jacks\\.dbt', 'send_anonymous_usage_stats': 'True', 'quiet': 'False', 'warn_error': 'None', 'partial_parse': 'True', 'indirect_selection': 'eager', 'hints_enabled': 'True', 'use_colors': 'True', 'use_experimental_parser': 'False', 'invocation_command': 'dbt debug', 'log_path': 'C:\\Users\\jacks\\Downloads\\PROJETO\\projeto_dbt\\logs'}
[0m05:04:50.151789 [info ] [MainThread]: dbt version: 1.12.5
[0m05:04:50.152495 [info ] [MainThread]: python version: 3.14.5
[0m05:04:50.153042 [info ] [MainThread]: python path: C:\Users\jacks\AppData\Local\Programs\Python\Python314\python.exe
[0m05:04:50.153883 [info ] [MainThread]: os info: Windows-11-10.0.26200-SP0
[0m05:04:51.827760 [info ] [MainThread]: Using profiles dir at C:\Users\jacks\.dbt
[0m05:04:51.828599 [info ] [MainThread]: Using profiles.yml file at C:\Users\jacks\.dbt\profiles.yml
[0m05:04:51.829538 [info ] [MainThread]: Using dbt_project.yml file at C:\Users\jacks\Downloads\PROJETO\projeto_dbt\dbt_project.yml
[0m05:04:51.829930 [info ] [MainThread]: adapter type: bigquery
[0m05:04:51.830261 [info ] [MainThread]: adapter version: 1.12.1
[0m05:04:51.936469 [info ] [MainThread]: Configuration:
[0m05:04:51.937463 [info ] [MainThread]:   profiles.yml file [[32mOK found and valid[0m]
[0m05:04:51.938175 [info ] [MainThread]:   dbt_project.yml file [[32mOK found and valid[0m]
[0m05:04:51.938558 [info ] [MainThread]: Required dependencies:
[0m05:04:51.938954 [debug] [MainThread]: Executing "git --help"
[0m05:04:51.947021 [info ] [MainThread]:  - git [[31mERROR[0m]

[0m05:04:51.947850 [info ] [MainThread]: Connection:
[0m05:04:51.948651 [info ] [MainThread]:   method: service-account
[0m05:04:51.949203 [info ] [MainThread]:   database: analise-taxis-projeto
[0m05:04:51.949525 [info ] [MainThread]:   execution_project: analise-taxis-projeto
[0m05:04:51.949835 [info ] [MainThread]:   schema: taxis_dataset
[0m05:04:51.950115 [info ] [MainThread]:   location: US
[0m05:04:51.950389 [info ] [MainThread]:   priority: interactive
[0m05:04:51.950662 [info ] [MainThread]:   maximum_bytes_billed: None
[0m05:04:51.950947 [info ] [MainThread]:   reservation: None
[0m05:04:51.951271 [info ] [MainThread]:   impersonate_service_account: None
[0m05:04:51.951584 [info ] [MainThread]:   job_retry_deadline_seconds: None
[0m05:04:51.951867 [info ] [MainThread]:   job_retries: 1
[0m05:04:51.952166 [info ] [MainThread]:   job_creation_timeout_seconds: None
[0m05:04:51.952478 [info ] [MainThread]:   job_execution_timeout_seconds: 300
[0m05:04:51.952771 [info ] [MainThread]:   job_link_info_level_log: False
[0m05:04:51.953052 [info ] [MainThread]:   timeout_seconds: 300
[0m05:04:51.953366 [info ] [MainThread]:   client_id: None
[0m05:04:51.953669 [info ] [MainThread]:   token_uri: None
[0m05:04:51.953944 [info ] [MainThread]:   compute_region: None
[0m05:04:51.954343 [info ] [MainThread]:   dataproc_cluster_name: None
[0m05:04:51.954803 [info ] [MainThread]:   gcs_bucket: None
[0m05:04:51.955069 [info ] [MainThread]:   dataproc_batch: None
[0m05:04:51.955685 [info ] [MainThread]: Registered adapter: bigquery=1.12.1
[0m05:04:52.523390 [debug] [MainThread]: Acquiring new bigquery connection 'debug'
[0m05:04:52.523834 [debug] [MainThread]: On debug: select 1 as id
[0m05:04:52.524144 [debug] [MainThread]: Opening a new connection, currently in state init
[0m05:04:54.731572 [debug] [MainThread]: BigQuery adapter: https://console.cloud.google.com/bigquery?project=analise-taxis-projeto&j=bq:US:494866b4-7546-4f6b-b87b-30b91be27069&page=queryresults
[0m05:04:55.225979 [debug] [MainThread]: SQL status: OK in 0.494 seconds
[0m05:04:55.737641 [info ] [MainThread]:   Connection test: [[32mOK connection ok[0m]

[0m05:04:55.738643 [info ] [MainThread]: [31m1 check failed:[0m
[0m05:04:55.739251 [info ] [MainThread]: Error from git --help: Could not find command, ensure it is in the user's PATH and that the user has permissions to run it: "git"

[0m05:04:55.740532 [debug] [MainThread]: Command `dbt debug` failed at 05:04:55.740371 after 5.91 seconds
[0m05:04:55.740963 [debug] [MainThread]: Connection 'debug' was properly closed.
[0m05:04:55.741500 [debug] [MainThread]: Sending event: {'category': 'dbt', 'action': 'invocation', 'label': 'end', 'context': [<snowplow_tracker.self_describing_json.SelfDescribingJson object at 0x0000012259AD9480>, <snowplow_tracker.self_describing_json.SelfDescribingJson object at 0x0000012242AF1370>, <snowplow_tracker.self_describing_json.SelfDescribingJson object at 0x0000012259BEBBD0>]}
[0m05:04:55.742051 [debug] [MainThread]: Flushing usage events
[0m05:04:56.686663 [debug] [MainThread]: An error was encountered while trying to flush usage events
[0m05:09:18.105112 [debug] [MainThread]: Sending event: {'category': 'dbt', 'action': 'invocation', 'label': 'start', 'context': [<snowplow_tracker.self_describing_json.SelfDescribingJson object at 0x000002131D17A510>, <snowplow_tracker.self_describing_json.SelfDescribingJson object at 0x000002131AD2D090>, <snowplow_tracker.self_describing_json.SelfDescribingJson object at 0x000002131FB7B890>]}


============================== 05:09:18.111908 | 429a69fd-0950-4c89-adbe-e0aaec92e144 ==============================
[0m05:09:18.111908 [info ] [MainThread]: Running with dbt=1.12.5
[0m05:09:18.112599 [debug] [MainThread]: running dbt with arguments {'static_parser': 'True', 'no_print': 'None', 'maximum_seed_size_mib': '1', 'target_path': 'None', 'warn_error_options': 'WarnErrorOptionsV2(error=[], warn=[], silence=[])', 'version_check': 'True', 'printer_width': '80', 'write_json': 'True', 'introspect': 'True', 'log_cache_events': 'False', 'empty': 'False', 'cache_selected_only': 'False', 'fail_fast': 'False', 'debug': 'False', 'log_format': 'default', 'profiles_dir': 'C:\\Users\\jacks\\.dbt', 'send_anonymous_usage_stats': 'True', 'quiet': 'False', 'warn_error': 'None', 'partial_parse': 'True', 'indirect_selection': 'eager', 'hints_enabled': 'True', 'use_colors': 'True', 'use_experimental_parser': 'False', 'invocation_command': 'dbt run', 'log_path': 'C:\\Users\\jacks\\Downloads\\PROJETO\\projeto_dbt\\logs'}
[0m05:09:19.925585 [debug] [MainThread]: Sending event: {'category': 'dbt', 'action': 'project_id', 'label': '429a69fd-0950-4c89-adbe-e0aaec92e144', 'context': [<snowplow_tracker.self_describing_json.SelfDescribingJson object at 0x0000021331A188A0>]}
[0m05:09:19.990202 [debug] [MainThread]: Sending event: {'category': 'dbt', 'action': 'adapter_info', 'label': '429a69fd-0950-4c89-adbe-e0aaec92e144', 'context': [<snowplow_tracker.self_describing_json.SelfDescribingJson object at 0x000002131AD34380>]}
[0m05:09:19.991424 [info ] [MainThread]: Registered adapter: bigquery=1.12.1
[0m05:09:20.592224 [debug] [MainThread]: checksum: 79d3b0015e730eaa5afda3383e565c10cc3431d777fe10be6c4c9b8c080867ba, vars: {}, profile: meu_projeto_dbt, target: dev, version: 1.12.5
[0m05:09:20.593719 [info ] [MainThread]: Unable to do partial parsing because saved manifest not found. Starting full parse.
[0m05:09:20.594315 [debug] [MainThread]: Sending event: {'category': 'dbt', 'action': 'partial_parser', 'label': '429a69fd-0950-4c89-adbe-e0aaec92e144', 'context': [<snowplow_tracker.self_describing_json.SelfDescribingJson object at 0x0000021331972250>]}
[0m05:09:22.446868 [debug] [MainThread]: Sending event: {'category': 'dbt', 'action': 'load_project', 'label': '429a69fd-0950-4c89-adbe-e0aaec92e144', 'context': [<snowplow_tracker.self_describing_json.SelfDescribingJson object at 0x0000021331C29A90>]}
[0m05:09:22.557209 [debug] [MainThread]: Wrote artifact WritableManifest to C:\Users\jacks\Downloads\PROJETO\projeto_dbt\target\manifest.json
[0m05:09:22.564814 [debug] [MainThread]: Wrote artifact SemanticManifest to C:\Users\jacks\Downloads\PROJETO\projeto_dbt\target\semantic_manifest.json
[0m05:09:22.630023 [debug] [MainThread]: Wrote artifact OsiDocument to C:\Users\jacks\Downloads\PROJETO\projeto_dbt\target\osi_document.json
[0m05:09:22.667954 [debug] [MainThread]: Sending event: {'category': 'dbt', 'action': 'resource_counts', 'label': '429a69fd-0950-4c89-adbe-e0aaec92e144', 'context': [<snowplow_tracker.self_describing_json.SelfDescribingJson object at 0x00000213332B8050>]}
[0m05:09:22.668667 [info ] [MainThread]: Found 3 models, 4 data tests, 561 macros
[0m05:09:22.669434 [debug] [MainThread]: Sending event: {'category': 'dbt', 'action': 'runnable_timing', 'label': '429a69fd-0950-4c89-adbe-e0aaec92e144', 'context': [<snowplow_tracker.self_describing_json.SelfDescribingJson object at 0x0000021332F41B20>]}
[0m05:09:22.672331 [info ] [MainThread]: 
[0m05:09:22.673097 [info ] [MainThread]: Concurrency: 4 threads (target='dev')
[0m05:09:22.673638 [info ] [MainThread]: 
[0m05:09:22.674316 [debug] [MainThread]: Acquiring new bigquery connection 'master'
[0m05:09:22.680121 [debug] [ThreadPool]: Acquiring new bigquery connection 'list_analise-taxis-projeto'
[0m05:09:22.680759 [debug] [ThreadPool]: Opening a new connection, currently in state init
[0m05:09:23.956429 [debug] [ThreadPool]: Acquiring new bigquery connection 'list_analise-taxis-projeto_taxis_dataset'
[0m05:09:23.957013 [debug] [ThreadPool]: Opening a new connection, currently in state init
[0m05:09:25.422519 [debug] [MainThread]: Sending event: {'category': 'dbt', 'action': 'runnable_timing', 'label': '429a69fd-0950-4c89-adbe-e0aaec92e144', 'context': [<snowplow_tracker.self_describing_json.SelfDescribingJson object at 0x000002133344D610>]}
[0m05:09:25.423151 [debug] [MainThread]: Opening a new connection, currently in state init
[0m05:09:25.474990 [debug] [Thread-3 (]: Began running node model.meu_projeto_dbt.my_first_dbt_model
[0m05:09:25.475695 [debug] [Thread-4 (]: Began running node model.meu_projeto_dbt.stg_taxis_trips
[0m05:09:25.476234 [info ] [Thread-3 (]: 1 of 3 START sql table model taxis_dataset.my_first_dbt_model .................. [RUN]
[0m05:09:25.477451 [debug] [Thread-3 (]: Acquiring new bigquery connection 'model.meu_projeto_dbt.my_first_dbt_model'
[0m05:09:25.477955 [debug] [Thread-3 (]: Began compiling node model.meu_projeto_dbt.my_first_dbt_model
[0m05:09:25.484011 [debug] [Thread-3 (]: Writing injected SQL for node "model.meu_projeto_dbt.my_first_dbt_model"
[0m05:09:25.476632 [info ] [Thread-4 (]: 2 of 3 START sql view model taxis_dataset.stg_taxis_trips ...................... [RUN]
[0m05:09:25.485078 [debug] [Thread-4 (]: Acquiring new bigquery connection 'model.meu_projeto_dbt.stg_taxis_trips'
[0m05:09:25.485625 [debug] [Thread-4 (]: Began compiling node model.meu_projeto_dbt.stg_taxis_trips
[0m05:09:25.488403 [debug] [Thread-4 (]: Writing injected SQL for node "model.meu_projeto_dbt.stg_taxis_trips"
[0m05:09:25.491191 [debug] [Thread-4 (]: Began executing node model.meu_projeto_dbt.stg_taxis_trips
[0m05:09:25.491691 [debug] [Thread-3 (]: Began executing node model.meu_projeto_dbt.my_first_dbt_model
[0m05:09:25.522687 [debug] [Thread-4 (]: Writing runtime sql for node "model.meu_projeto_dbt.stg_taxis_trips"
[0m05:09:25.554202 [debug] [Thread-3 (]: Writing runtime sql for node "model.meu_projeto_dbt.my_first_dbt_model"
[0m05:09:25.557318 [debug] [Thread-4 (]: On model.meu_projeto_dbt.stg_taxis_trips: /* {"app": "dbt", "dbt_version": "1.12.5", "profile_name": "meu_projeto_dbt", "target_name": "dev", "node_id": "model.meu_projeto_dbt.stg_taxis_trips"} */


  create or replace view `analise-taxis-projeto`.`taxis_dataset`.`stg_taxis_trips`
  OPTIONS()
  as 

SELECT
    vendor_id AS id_fornecedor,
    pickup_datetime AS data_hora_partida,
    dropoff_datetime AS data_hora_chegada,
    passenger_count AS quantidade_passageiros,
    trip_distance AS distancia_viagem,
    total_amount AS valor_total
FROM
    `bigquery-public-data.new_york_taxi_trips.tlc_green_trips_2018`
WHERE
    trip_distance > 0
    AND total_amount > 0
    AND passenger_count IS NOT NULL;


[0m05:09:25.558343 [debug] [Thread-4 (]: Opening a new connection, currently in state init
[0m05:09:25.557878 [debug] [Thread-3 (]: On model.meu_projeto_dbt.my_first_dbt_model: /* {"app": "dbt", "dbt_version": "1.12.5", "profile_name": "meu_projeto_dbt", "target_name": "dev", "node_id": "model.meu_projeto_dbt.my_first_dbt_model"} */

  
    

    create or replace table `analise-taxis-projeto`.`taxis_dataset`.`my_first_dbt_model`
      
    
    

    
    OPTIONS()
    as (
      /*
    Welcome to your first dbt model!
    Did you know that you can also configure models directly within SQL files?
    This will override configurations stated in dbt_project.yml

    Try changing "table" to "view" below
*/



with source_data as (

    select 1 as id
    union all
    select null as id

)

select *
from source_data

/*
    Uncomment the line below to remove records with null `id` values
*/

-- where id is not null
    );
  
[0m05:09:25.559523 [debug] [Thread-3 (]: Opening a new connection, currently in state init
[0m05:09:27.145542 [debug] [Thread-3 (]: BigQuery adapter: https://console.cloud.google.com/bigquery?project=analise-taxis-projeto&j=bq:US:3ac7b3a1-aad1-4308-ad53-c11827db8181&page=queryresults
[0m05:09:27.177817 [debug] [Thread-4 (]: BigQuery adapter: https://console.cloud.google.com/bigquery?project=analise-taxis-projeto&j=bq:US:683c3a5d-86c0-456e-a9dc-46cbe012ba30&page=queryresults
[0m05:09:27.676108 [debug] [Thread-4 (]: SQL status: OK in 0.498 seconds
[0m05:09:27.815554 [debug] [Thread-4 (]: Sending event: {'category': 'dbt', 'action': 'run_model', 'label': '429a69fd-0950-4c89-adbe-e0aaec92e144', 'context': [<snowplow_tracker.self_describing_json.SelfDescribingJson object at 0x000002131D6BD9C0>]}
[0m05:09:27.816367 [info ] [Thread-4 (]: 2 of 3 OK created sql view model taxis_dataset.stg_taxis_trips ................. [[32mCREATE VIEW (0 processed)[0m in 2.33s]
[0m05:09:27.817099 [debug] [Thread-4 (]: Finished running node model.meu_projeto_dbt.stg_taxis_trips
[0m05:09:28.729663 [debug] [Thread-3 (]: SQL status: OK in 1.583 seconds
[0m05:09:29.024981 [debug] [Thread-3 (]: Sending event: {'category': 'dbt', 'action': 'run_model', 'label': '429a69fd-0950-4c89-adbe-e0aaec92e144', 'context': [<snowplow_tracker.self_describing_json.SelfDescribingJson object at 0x000002133346FF70>]}
[0m05:09:29.025916 [info ] [Thread-3 (]: 1 of 3 OK created sql table model taxis_dataset.my_first_dbt_model ............. [[32mCREATE TABLE (2.0 rows, 0 processed)[0m in 3.55s]
[0m05:09:29.029486 [debug] [Thread-3 (]: Finished running node model.meu_projeto_dbt.my_first_dbt_model
[0m05:09:29.030710 [debug] [Thread-5 (]: Began running node model.meu_projeto_dbt.my_second_dbt_model
[0m05:09:29.031477 [info ] [Thread-5 (]: 3 of 3 START sql view model taxis_dataset.my_second_dbt_model .................. [RUN]
[0m05:09:29.032401 [debug] [Thread-5 (]: Acquiring new bigquery connection 'model.meu_projeto_dbt.my_second_dbt_model'
[0m05:09:29.032876 [debug] [Thread-5 (]: Began compiling node model.meu_projeto_dbt.my_second_dbt_model
[0m05:09:29.035211 [debug] [Thread-5 (]: Writing injected SQL for node "model.meu_projeto_dbt.my_second_dbt_model"
[0m05:09:29.037112 [debug] [Thread-5 (]: Began executing node model.meu_projeto_dbt.my_second_dbt_model
[0m05:09:29.039582 [debug] [Thread-5 (]: Writing runtime sql for node "model.meu_projeto_dbt.my_second_dbt_model"
[0m05:09:29.041547 [debug] [Thread-5 (]: On model.meu_projeto_dbt.my_second_dbt_model: /* {"app": "dbt", "dbt_version": "1.12.5", "profile_name": "meu_projeto_dbt", "target_name": "dev", "node_id": "model.meu_projeto_dbt.my_second_dbt_model"} */


  create or replace view `analise-taxis-projeto`.`taxis_dataset`.`my_second_dbt_model`
  OPTIONS()
  as -- Use the `ref` function to select from other models

select *
from `analise-taxis-projeto`.`taxis_dataset`.`my_first_dbt_model`
where id = 1;


[0m05:09:29.042490 [debug] [Thread-5 (]: Opening a new connection, currently in state init
[0m05:09:30.556557 [debug] [Thread-5 (]: BigQuery adapter: https://console.cloud.google.com/bigquery?project=analise-taxis-projeto&j=bq:US:f1bddaeb-5c99-4dac-aa6f-489c6e77f03f&page=queryresults
[0m05:09:31.064770 [debug] [Thread-5 (]: SQL status: OK in 0.508 seconds
[0m05:09:31.069388 [debug] [Thread-5 (]: Sending event: {'category': 'dbt', 'action': 'run_model', 'label': '429a69fd-0950-4c89-adbe-e0aaec92e144', 'context': [<snowplow_tracker.self_describing_json.SelfDescribingJson object at 0x0000021333A81750>]}
[0m05:09:31.070151 [info ] [Thread-5 (]: 3 of 3 OK created sql view model taxis_dataset.my_second_dbt_model ............. [[32mCREATE VIEW (0 processed)[0m in 2.04s]
[0m05:09:31.071120 [debug] [Thread-5 (]: Finished running node model.meu_projeto_dbt.my_second_dbt_model
[0m05:09:31.073088 [debug] [MainThread]: Opening a new connection, currently in state closed
[0m05:09:31.106004 [debug] [MainThread]: Connection 'master' was properly closed.
[0m05:09:31.106395 [debug] [MainThread]: Connection 'list_analise-taxis-projeto' was properly closed.
[0m05:09:31.106612 [debug] [MainThread]: Connection 'list_analise-taxis-projeto_taxis_dataset' was properly closed.
[0m05:09:31.106820 [debug] [MainThread]: Connection 'model.meu_projeto_dbt.my_first_dbt_model' was properly closed.
[0m05:09:31.107024 [debug] [MainThread]: Connection 'model.meu_projeto_dbt.stg_taxis_trips' was properly closed.
[0m05:09:31.107226 [debug] [MainThread]: Connection 'model.meu_projeto_dbt.my_second_dbt_model' was properly closed.
[0m05:09:31.107566 [info ] [MainThread]: 
[0m05:09:31.108123 [info ] [MainThread]: Finished running 1 table model, 2 view models in 0 hours 0 minutes and 8.43 seconds (8.43s).
[0m05:09:31.110176 [debug] [MainThread]: Command end result
[0m05:09:31.168205 [debug] [MainThread]: Wrote artifact WritableManifest to C:\Users\jacks\Downloads\PROJETO\projeto_dbt\target\manifest.json
[0m05:09:31.172895 [debug] [MainThread]: Wrote artifact SemanticManifest to C:\Users\jacks\Downloads\PROJETO\projeto_dbt\target\semantic_manifest.json
[0m05:09:31.177760 [debug] [MainThread]: Wrote artifact OsiDocument to C:\Users\jacks\Downloads\PROJETO\projeto_dbt\target\osi_document.json
[0m05:09:31.185453 [debug] [MainThread]: Wrote artifact RunExecutionResult to C:\Users\jacks\Downloads\PROJETO\projeto_dbt\target\run_results.json
[0m05:09:31.185860 [info ] [MainThread]: 
[0m05:09:31.186832 [info ] [MainThread]: [32mCompleted successfully[0m
[0m05:09:31.187747 [info ] [MainThread]: 
[0m05:09:31.188232 [info ] [MainThread]: Done. PASS=3 WARN=0 ERROR=0 SKIP=0 NO-OP=0 REUSED=0 TOTAL=3
[0m05:09:31.189545 [debug] [MainThread]: Command `dbt run` succeeded at 05:09:31.189385 after 13.37 seconds
[0m05:09:31.189972 [debug] [MainThread]: Sending event: {'category': 'dbt', 'action': 'invocation', 'label': 'end', 'context': [<snowplow_tracker.self_describing_json.SelfDescribingJson object at 0x000002131FBCA200>, <snowplow_tracker.self_describing_json.SelfDescribingJson object at 0x000002131737A120>, <snowplow_tracker.self_describing_json.SelfDescribingJson object at 0x0000021333061E50>]}
[0m05:09:31.190373 [debug] [MainThread]: Flushing usage events
[0m05:09:32.047233 [debug] [MainThread]: An error was encountered while trying to flush usage events
[0m05:14:48.548525 [debug] [MainThread]: Sending event: {'category': 'dbt', 'action': 'invocation', 'label': 'start', 'context': [<snowplow_tracker.self_describing_json.SelfDescribingJson object at 0x00000217F032E510>, <snowplow_tracker.self_describing_json.SelfDescribingJson object at 0x00000217EDEDD090>, <snowplow_tracker.self_describing_json.SelfDescribingJson object at 0x00000217F2CCF890>]}


============================== 05:14:48.554394 | 902680a6-1474-4913-b834-1746235c7f4c ==============================
[0m05:14:48.554394 [info ] [MainThread]: Running with dbt=1.12.5
[0m05:14:48.555396 [debug] [MainThread]: running dbt with arguments {'version_check': 'True', 'no_print': 'None', 'maximum_seed_size_mib': '1', 'target_path': 'None', 'warn_error_options': 'WarnErrorOptionsV2(error=[], warn=[], silence=[])', 'static_parser': 'True', 'printer_width': '80', 'write_json': 'True', 'introspect': 'True', 'log_cache_events': 'False', 'empty': 'None', 'cache_selected_only': 'False', 'fail_fast': 'False', 'debug': 'False', 'log_format': 'default', 'profiles_dir': 'C:\\Users\\jacks\\.dbt', 'send_anonymous_usage_stats': 'True', 'quiet': 'False', 'warn_error': 'None', 'partial_parse': 'True', 'invocation_command': 'dbt clean', 'hints_enabled': 'True', 'indirect_selection': 'eager', 'use_experimental_parser': 'False', 'use_colors': 'True', 'log_path': 'C:\\Users\\jacks\\Downloads\\PROJETO\\projeto_dbt\\logs'}
[0m05:14:48.713424 [debug] [MainThread]: Sending event: {'category': 'dbt', 'action': 'project_id', 'label': '902680a6-1474-4913-b834-1746235c7f4c', 'context': [<snowplow_tracker.self_describing_json.SelfDescribingJson object at 0x00000217F2B07E10>]}
[0m05:14:48.750172 [debug] [MainThread]: Command `dbt clean` succeeded at 05:14:48.750034 after 0.54 seconds
[0m05:14:48.750533 [debug] [MainThread]: Sending event: {'category': 'dbt', 'action': 'invocation', 'label': 'end', 'context': [<snowplow_tracker.self_describing_json.SelfDescribingJson object at 0x00000217EFF73DF0>, <snowplow_tracker.self_describing_json.SelfDescribingJson object at 0x00000217F2F91BF0>, <snowplow_tracker.self_describing_json.SelfDescribingJson object at 0x00000217F2BFBA50>]}
[0m05:14:48.750872 [debug] [MainThread]: Flushing usage events
[0m05:14:49.700878 [debug] [MainThread]: An error was encountered while trying to flush usage events
[0m09:17:27.078563 [debug] [MainThread]: Sending event: {'category': 'dbt', 'action': 'invocation', 'label': 'start', 'context': [<snowplow_tracker.self_describing_json.SelfDescribingJson object at 0x7c527be04580>, <snowplow_tracker.self_describing_json.SelfDescribingJson object at 0x7c5279ae6290>, <snowplow_tracker.self_describing_json.SelfDescribingJson object at 0x7c5279ae6230>]}


============================== 09:17:27.092897 | 0681c3ce-0341-490e-9e66-4a64ea5cf08a ==============================
[0m09:17:27.092897 [info ] [MainThread]: Running with dbt=1.7.0
[0m09:17:27.095416 [debug] [MainThread]: running dbt with arguments {'printer_width': '80', 'indirect_selection': 'eager', 'log_cache_events': 'False', 'write_json': 'True', 'partial_parse': 'True', 'cache_selected_only': 'False', 'warn_error': 'None', 'version_check': 'True', 'debug': 'False', 'log_path': '/usr/app/logs', 'fail_fast': 'False', 'profiles_dir': '/root/.dbt', 'use_colors': 'True', 'use_experimental_parser': 'False', 'no_print': 'None', 'quiet': 'False', 'log_format': 'default', 'introspect': 'True', 'warn_error_options': 'WarnErrorOptions(include=[], exclude=[])', 'static_parser': 'True', 'target_path': 'None', 'invocation_command': 'dbt run', 'send_anonymous_usage_stats': 'True'}
[0m09:17:29.501600 [debug] [MainThread]: Sending event: {'category': 'dbt', 'action': 'project_id', 'label': '0681c3ce-0341-490e-9e66-4a64ea5cf08a', 'context': [<snowplow_tracker.self_describing_json.SelfDescribingJson object at 0x7c5279c53fa0>]}
[0m09:17:29.679158 [debug] [MainThread]: Sending event: {'category': 'dbt', 'action': 'adapter_info', 'label': '0681c3ce-0341-490e-9e66-4a64ea5cf08a', 'context': [<snowplow_tracker.self_describing_json.SelfDescribingJson object at 0x7c5279a9b1c0>]}
[0m09:17:29.683247 [info ] [MainThread]: Registered adapter: bigquery=1.7.0
[0m09:17:29.722768 [debug] [MainThread]: checksum: 8434eacd4ffdf0ca3ab22bf0e2d55b45306c9599613e842b959405abc489e606, vars: {}, profile: , target: , version: 1.7.0
[0m09:17:29.745594 [info ] [MainThread]: Unable to do partial parsing because saved manifest not found. Starting full parse.
[0m09:17:29.751392 [debug] [MainThread]: Sending event: {'category': 'dbt', 'action': 'partial_parser', 'label': '0681c3ce-0341-490e-9e66-4a64ea5cf08a', 'context': [<snowplow_tracker.self_describing_json.SelfDescribingJson object at 0x7c527821d960>]}
[0m09:17:31.796103 [debug] [MainThread]: Sending event: {'category': 'dbt', 'action': 'load_project', 'label': '0681c3ce-0341-490e-9e66-4a64ea5cf08a', 'context': [<snowplow_tracker.self_describing_json.SelfDescribingJson object at 0x7c5277fc9450>]}
[0m09:17:31.842802 [debug] [MainThread]: Sending event: {'category': 'dbt', 'action': 'resource_counts', 'label': '0681c3ce-0341-490e-9e66-4a64ea5cf08a', 'context': [<snowplow_tracker.self_describing_json.SelfDescribingJson object at 0x7c5277f70850>]}
[0m09:17:31.844705 [info ] [MainThread]: Found 3 models, 0 sources, 0 exposures, 0 metrics, 447 macros, 0 groups, 0 semantic models
[0m09:17:31.847203 [debug] [MainThread]: Sending event: {'category': 'dbt', 'action': 'runnable_timing', 'label': '0681c3ce-0341-490e-9e66-4a64ea5cf08a', 'context': [<snowplow_tracker.self_describing_json.SelfDescribingJson object at 0x7c5278294f10>]}
[0m09:17:31.851463 [info ] [MainThread]: 
[0m09:17:31.854858 [debug] [MainThread]: Acquiring new bigquery connection 'master'
[0m09:17:31.866370 [debug] [ThreadPool]: Acquiring new bigquery connection 'list_analise-taxis-projeto'
[0m09:17:31.868041 [debug] [ThreadPool]: Opening a new connection, currently in state init
[0m09:17:31.870832 [debug] [ThreadPool]: BigQuery adapter: Got an error when attempting to create a bigquery client: '[Errno 2] No such file or directory: 'C:/Users/jacks/Downloads/PROJETO/projeto_dbt/credenciais.json''
[0m09:17:31.874274 [debug] [MainThread]: Connection 'master' was properly closed.
[0m09:17:31.876071 [debug] [MainThread]: Connection 'list_analise-taxis-projeto' was properly closed.
[0m09:17:31.878201 [info ] [MainThread]: 
[0m09:17:31.880982 [info ] [MainThread]: Finished running  in 0 hours 0 minutes and 0.02 seconds (0.02s).
[0m09:17:31.884429 [error] [MainThread]: Encountered an error:
Database Error
  [Errno 2] No such file or directory: 'C:/Users/jacks/Downloads/PROJETO/projeto_dbt/credenciais.json'
[0m09:17:31.890287 [debug] [MainThread]: Resource report: {"command_name": "run", "command_wall_clock_time": 4.944031, "process_user_time": 8.921347, "process_kernel_time": 3.051827, "process_mem_max_rss": "125308", "process_in_blocks": "6744", "process_out_blocks": "648", "command_success": false}
[0m09:17:31.892968 [debug] [MainThread]: Command `dbt run` failed at 09:17:31.892670 after 4.95 seconds
[0m09:17:31.895076 [debug] [MainThread]: Sending event: {'category': 'dbt', 'action': 'invocation', 'label': 'end', 'context': [<snowplow_tracker.self_describing_json.SelfDescribingJson object at 0x7c527be04580>, <snowplow_tracker.self_describing_json.SelfDescribingJson object at 0x7c527822af20>, <snowplow_tracker.self_describing_json.SelfDescribingJson object at 0x7c5276d63eb0>]}
[0m09:17:31.896941 [debug] [MainThread]: Flushing usage events
[0m09:20:03.070857 [debug] [MainThread]: Sending event: {'category': 'dbt', 'action': 'invocation', 'label': 'start', 'context': [<snowplow_tracker.self_describing_json.SelfDescribingJson object at 0x71aa5ca30580>, <snowplow_tracker.self_describing_json.SelfDescribingJson object at 0x71aa5a746290>, <snowplow_tracker.self_describing_json.SelfDescribingJson object at 0x71aa5a746230>]}


============================== 09:20:03.086244 | 04ddc34c-0259-4a4a-bc0b-ad745f16ec9c ==============================
[0m09:20:03.086244 [info ] [MainThread]: Running with dbt=1.7.0
[0m09:20:03.089671 [debug] [MainThread]: running dbt with arguments {'printer_width': '80', 'indirect_selection': 'eager', 'write_json': 'True', 'log_cache_events': 'False', 'partial_parse': 'True', 'cache_selected_only': 'False', 'profiles_dir': '/root/.dbt', 'fail_fast': 'False', 'debug': 'False', 'log_path': '/usr/app/logs', 'version_check': 'True', 'warn_error': 'None', 'use_colors': 'True', 'use_experimental_parser': 'False', 'no_print': 'None', 'quiet': 'False', 'warn_error_options': 'WarnErrorOptions(include=[], exclude=[])', 'invocation_command': 'dbt run', 'static_parser': 'True', 'introspect': 'True', 'target_path': 'None', 'log_format': 'default', 'send_anonymous_usage_stats': 'True'}
[0m09:20:04.141757 [debug] [MainThread]: Sending event: {'category': 'dbt', 'action': 'project_id', 'label': '04ddc34c-0259-4a4a-bc0b-ad745f16ec9c', 'context': [<snowplow_tracker.self_describing_json.SelfDescribingJson object at 0x71aa59013a30>]}
[0m09:20:04.290046 [debug] [MainThread]: Sending event: {'category': 'dbt', 'action': 'adapter_info', 'label': '04ddc34c-0259-4a4a-bc0b-ad745f16ec9c', 'context': [<snowplow_tracker.self_describing_json.SelfDescribingJson object at 0x71aa5a6f9b10>]}
[0m09:20:04.293782 [info ] [MainThread]: Registered adapter: bigquery=1.7.0
[0m09:20:04.329151 [debug] [MainThread]: checksum: 8434eacd4ffdf0ca3ab22bf0e2d55b45306c9599613e842b959405abc489e606, vars: {}, profile: , target: , version: 1.7.0
[0m09:20:04.391017 [info ] [MainThread]: Unable to do partial parsing because profile has changed
[0m09:20:04.397118 [debug] [MainThread]: Sending event: {'category': 'dbt', 'action': 'partial_parser', 'label': '04ddc34c-0259-4a4a-bc0b-ad745f16ec9c', 'context': [<snowplow_tracker.self_describing_json.SelfDescribingJson object at 0x71aa58d7ac50>]}
[0m09:20:06.046733 [debug] [MainThread]: Sending event: {'category': 'dbt', 'action': 'load_project', 'label': '04ddc34c-0259-4a4a-bc0b-ad745f16ec9c', 'context': [<snowplow_tracker.self_describing_json.SelfDescribingJson object at 0x71aa58b49d20>]}
[0m09:20:06.093115 [debug] [MainThread]: Sending event: {'category': 'dbt', 'action': 'resource_counts', 'label': '04ddc34c-0259-4a4a-bc0b-ad745f16ec9c', 'context': [<snowplow_tracker.self_describing_json.SelfDescribingJson object at 0x71aa58c82890>]}
[0m09:20:06.095584 [info ] [MainThread]: Found 3 models, 0 sources, 0 exposures, 0 metrics, 447 macros, 0 groups, 0 semantic models
[0m09:20:06.098423 [debug] [MainThread]: Sending event: {'category': 'dbt', 'action': 'runnable_timing', 'label': '04ddc34c-0259-4a4a-bc0b-ad745f16ec9c', 'context': [<snowplow_tracker.self_describing_json.SelfDescribingJson object at 0x71aa58e3c070>]}
[0m09:20:06.103150 [info ] [MainThread]: 
[0m09:20:06.107539 [debug] [MainThread]: Acquiring new bigquery connection 'master'
[0m09:20:06.112321 [debug] [ThreadPool]: Acquiring new bigquery connection 'list_analise-taxis-projeto'
[0m09:20:06.115005 [debug] [ThreadPool]: Opening a new connection, currently in state init
[0m09:20:06.942581 [debug] [ThreadPool]: Re-using an available connection from the pool (formerly list_analise-taxis-projeto, now list_analise-taxis-projeto_taxis_dataset)
[0m09:20:06.947796 [debug] [ThreadPool]: Opening a new connection, currently in state closed
[0m09:20:07.649213 [debug] [MainThread]: Sending event: {'category': 'dbt', 'action': 'runnable_timing', 'label': '04ddc34c-0259-4a4a-bc0b-ad745f16ec9c', 'context': [<snowplow_tracker.self_describing_json.SelfDescribingJson object at 0x71aa58e0f340>]}
[0m09:20:07.651600 [info ] [MainThread]: Concurrency: 4 threads (target='dev')
[0m09:20:07.654328 [info ] [MainThread]: 
[0m09:20:07.669699 [debug] [Thread-1 (]: Began running node model.meu_projeto_dbt.my_first_dbt_model
[0m09:20:07.670737 [debug] [Thread-2 (]: Began running node model.meu_projeto_dbt.stg_taxis_trips
[0m09:20:07.673165 [info ] [Thread-1 (]: 1 of 3 START sql table model taxis_dataset.my_first_dbt_model .................. [RUN]
[0m09:20:07.676613 [info ] [Thread-2 (]: 2 of 3 START sql view model taxis_dataset.stg_taxis_trips ...................... [RUN]
[0m09:20:07.680199 [debug] [Thread-1 (]: Re-using an available connection from the pool (formerly list_analise-taxis-projeto_taxis_dataset, now model.meu_projeto_dbt.my_first_dbt_model)
[0m09:20:07.684288 [debug] [Thread-2 (]: Acquiring new bigquery connection 'model.meu_projeto_dbt.stg_taxis_trips'
[0m09:20:07.687445 [debug] [Thread-1 (]: Began compiling node model.meu_projeto_dbt.my_first_dbt_model
[0m09:20:07.690491 [debug] [Thread-2 (]: Began compiling node model.meu_projeto_dbt.stg_taxis_trips
[0m09:20:07.703024 [debug] [Thread-1 (]: Writing injected SQL for node "model.meu_projeto_dbt.my_first_dbt_model"
[0m09:20:07.708631 [debug] [Thread-2 (]: Writing injected SQL for node "model.meu_projeto_dbt.stg_taxis_trips"
[0m09:20:07.736539 [debug] [Thread-1 (]: Timing info for model.meu_projeto_dbt.my_first_dbt_model (compile): 09:20:07.693253 => 09:20:07.735836
[0m09:20:07.739224 [debug] [Thread-1 (]: Began executing node model.meu_projeto_dbt.my_first_dbt_model
[0m09:20:07.740771 [debug] [Thread-2 (]: Timing info for model.meu_projeto_dbt.stg_taxis_trips (compile): 09:20:07.704661 => 09:20:07.740278
[0m09:20:07.759578 [debug] [Thread-2 (]: Began executing node model.meu_projeto_dbt.stg_taxis_trips
[0m09:20:07.838529 [debug] [Thread-1 (]: Writing runtime sql for node "model.meu_projeto_dbt.my_first_dbt_model"
[0m09:20:07.841313 [debug] [Thread-2 (]: Writing runtime sql for node "model.meu_projeto_dbt.stg_taxis_trips"
[0m09:20:07.881159 [debug] [Thread-1 (]: Opening a new connection, currently in state closed
[0m09:20:07.886822 [debug] [Thread-2 (]: Opening a new connection, currently in state init
[0m09:20:07.892515 [debug] [Thread-1 (]: On model.meu_projeto_dbt.my_first_dbt_model: /* {"app": "dbt", "dbt_version": "1.7.0", "profile_name": "meu_projeto_dbt", "target_name": "dev", "node_id": "model.meu_projeto_dbt.my_first_dbt_model"} */

  
    

    create or replace table `analise-taxis-projeto`.`taxis_dataset`.`my_first_dbt_model`
      
    
    

    OPTIONS()
    as (
      /*
    Welcome to your first dbt model!
    Did you know that you can also configure models directly within SQL files?
    This will override configurations stated in dbt_project.yml

    Try changing "table" to "view" below
*/



with source_data as (

    select 1 as id
    union all
    select null as id

)

select *
from source_data

/*
    Uncomment the line below to remove records with null `id` values
*/

-- where id is not null
    );
  
[0m09:20:07.927473 [debug] [Thread-2 (]: On model.meu_projeto_dbt.stg_taxis_trips: /* {"app": "dbt", "dbt_version": "1.7.0", "profile_name": "meu_projeto_dbt", "target_name": "dev", "node_id": "model.meu_projeto_dbt.stg_taxis_trips"} */


  create or replace view `analise-taxis-projeto`.`taxis_dataset`.`stg_taxis_trips`
  OPTIONS()
  as 

SELECT
    vendor_id AS id_fornecedor,
    pickup_datetime AS data_hora_partida,
    dropoff_datetime AS data_hora_chegada,
    passenger_count AS quantidade_passageiros,
    trip_distance AS distancia_viagem,
    total_amount AS valor_total
FROM
    `bigquery-public-data.new_york_taxi_trips.tlc_green_trips_2018`
WHERE
    trip_distance > 0
    AND total_amount > 0
    AND passenger_count IS NOT NULL;


[0m09:20:08.959064 [debug] [Thread-1 (]: BigQuery adapter: https://console.cloud.google.com/bigquery?project=analise-taxis-projeto&j=bq:US:2bc9c8c7-91ad-4e01-96e0-e1593009bd26&page=queryresults
[0m09:20:08.973118 [debug] [Thread-2 (]: BigQuery adapter: https://console.cloud.google.com/bigquery?project=analise-taxis-projeto&j=bq:US:e1e9fa86-1340-4760-a070-30b4ea1bb548&page=queryresults
[0m09:20:09.555274 [debug] [Thread-2 (]: Timing info for model.meu_projeto_dbt.stg_taxis_trips (execute): 09:20:07.777889 => 09:20:09.555037
[0m09:20:09.557663 [debug] [Thread-2 (]: Sending event: {'category': 'dbt', 'action': 'run_model', 'label': '04ddc34c-0259-4a4a-bc0b-ad745f16ec9c', 'context': [<snowplow_tracker.self_describing_json.SelfDescribingJson object at 0x71aa4b855810>]}
[0m09:20:09.559384 [info ] [Thread-2 (]: 2 of 3 OK created sql view model taxis_dataset.stg_taxis_trips ................. [[32mCREATE VIEW (0 processed)[0m in 1.87s]
[0m09:20:09.562587 [debug] [Thread-2 (]: Finished running node model.meu_projeto_dbt.stg_taxis_trips
[0m09:20:10.639057 [debug] [Thread-1 (]: Timing info for model.meu_projeto_dbt.my_first_dbt_model (execute): 09:20:07.742149 => 09:20:10.638832
[0m09:20:10.641376 [debug] [Thread-1 (]: Sending event: {'category': 'dbt', 'action': 'run_model', 'label': '04ddc34c-0259-4a4a-bc0b-ad745f16ec9c', 'context': [<snowplow_tracker.self_describing_json.SelfDescribingJson object at 0x71aa4b855090>]}
[0m09:20:10.643434 [info ] [Thread-1 (]: 1 of 3 OK created sql table model taxis_dataset.my_first_dbt_model ............. [[32mCREATE TABLE (2.0 rows, 0 processed)[0m in 2.96s]
[0m09:20:10.649623 [debug] [Thread-1 (]: Finished running node model.meu_projeto_dbt.my_first_dbt_model
[0m09:20:10.652752 [debug] [Thread-4 (]: Began running node model.meu_projeto_dbt.my_second_dbt_model
[0m09:20:10.654679 [info ] [Thread-4 (]: 3 of 3 START sql view model taxis_dataset.my_second_dbt_model .................. [RUN]
[0m09:20:10.657682 [debug] [Thread-4 (]: Acquiring new bigquery connection 'model.meu_projeto_dbt.my_second_dbt_model'
[0m09:20:10.659428 [debug] [Thread-4 (]: Began compiling node model.meu_projeto_dbt.my_second_dbt_model
[0m09:20:10.664905 [debug] [Thread-4 (]: Writing injected SQL for node "model.meu_projeto_dbt.my_second_dbt_model"
[0m09:20:10.676043 [debug] [Thread-4 (]: Timing info for model.meu_projeto_dbt.my_second_dbt_model (compile): 09:20:10.660939 => 09:20:10.675539
[0m09:20:10.677540 [debug] [Thread-4 (]: Began executing node model.meu_projeto_dbt.my_second_dbt_model
[0m09:20:10.683815 [debug] [Thread-4 (]: Writing runtime sql for node "model.meu_projeto_dbt.my_second_dbt_model"
[0m09:20:10.694356 [debug] [Thread-4 (]: Opening a new connection, currently in state init
[0m09:20:10.700146 [debug] [Thread-4 (]: On model.meu_projeto_dbt.my_second_dbt_model: /* {"app": "dbt", "dbt_version": "1.7.0", "profile_name": "meu_projeto_dbt", "target_name": "dev", "node_id": "model.meu_projeto_dbt.my_second_dbt_model"} */


  create or replace view `analise-taxis-projeto`.`taxis_dataset`.`my_second_dbt_model`
  OPTIONS()
  as -- Use the `ref` function to select from other models

select *
from `analise-taxis-projeto`.`taxis_dataset`.`my_first_dbt_model`
where id = 1;


[0m09:20:11.662645 [debug] [Thread-4 (]: BigQuery adapter: https://console.cloud.google.com/bigquery?project=analise-taxis-projeto&j=bq:US:d543b728-2bb5-4f67-964e-7e4bc58f7c1f&page=queryresults
[0m09:20:12.197322 [debug] [Thread-4 (]: Timing info for model.meu_projeto_dbt.my_second_dbt_model (execute): 09:20:10.679613 => 09:20:12.197057
[0m09:20:12.200509 [debug] [Thread-4 (]: Sending event: {'category': 'dbt', 'action': 'run_model', 'label': '04ddc34c-0259-4a4a-bc0b-ad745f16ec9c', 'context': [<snowplow_tracker.self_describing_json.SelfDescribingJson object at 0x71aa58ca9ed0>]}
[0m09:20:12.203768 [info ] [Thread-4 (]: 3 of 3 OK created sql view model taxis_dataset.my_second_dbt_model ............. [[32mCREATE VIEW (0 processed)[0m in 1.54s]
[0m09:20:12.206463 [debug] [Thread-4 (]: Finished running node model.meu_projeto_dbt.my_second_dbt_model
[0m09:20:12.210623 [debug] [MainThread]: Connection 'master' was properly closed.
[0m09:20:12.212500 [debug] [MainThread]: Connection 'model.meu_projeto_dbt.my_first_dbt_model' was properly closed.
[0m09:20:12.213856 [debug] [MainThread]: Connection 'model.meu_projeto_dbt.stg_taxis_trips' was properly closed.
[0m09:20:12.215167 [debug] [MainThread]: Connection 'model.meu_projeto_dbt.my_second_dbt_model' was properly closed.
[0m09:20:12.217583 [info ] [MainThread]: 
[0m09:20:12.220415 [info ] [MainThread]: Finished running 2 view models, 1 table model in 0 hours 0 minutes and 6.11 seconds (6.11s).
[0m09:20:12.223742 [debug] [MainThread]: Command end result
[0m09:20:12.265679 [info ] [MainThread]: 
[0m09:20:12.268409 [info ] [MainThread]: [32mCompleted successfully[0m
[0m09:20:12.270520 [info ] [MainThread]: 
[0m09:20:12.272629 [info ] [MainThread]: Done. PASS=3 WARN=0 ERROR=0 SKIP=0 TOTAL=3
[0m09:20:12.275964 [debug] [MainThread]: Resource report: {"command_name": "run", "command_success": true, "command_wall_clock_time": 9.34183, "process_user_time": 7.152934, "process_kernel_time": 1.691491, "process_mem_max_rss": "136608", "process_in_blocks": "6408", "process_out_blocks": "704"}
[0m09:20:12.277877 [debug] [MainThread]: Command `dbt run` succeeded at 09:20:12.277634 after 9.34 seconds
[0m09:20:12.279726 [debug] [MainThread]: Sending event: {'category': 'dbt', 'action': 'invocation', 'label': 'end', 'context': [<snowplow_tracker.self_describing_json.SelfDescribingJson object at 0x71aa5ca30580>, <snowplow_tracker.self_describing_json.SelfDescribingJson object at 0x71aa58e3c070>, <snowplow_tracker.self_describing_json.SelfDescribingJson object at 0x71aa58d4e560>]}
[0m09:20:12.281640 [debug] [MainThread]: Flushing usage events
[0m09:46:23.160626 [debug] [MainThread]: Sending event: {'category': 'dbt', 'action': 'invocation', 'label': 'start', 'context': [<snowplow_tracker.self_describing_json.SelfDescribingJson object at 0x741fe41dc580>, <snowplow_tracker.self_describing_json.SelfDescribingJson object at 0x741fe1ef2290>, <snowplow_tracker.self_describing_json.SelfDescribingJson object at 0x741fe1ef2230>]}


============================== 09:46:23.179002 | 77d0ae83-31a9-49ad-a167-abeee2967a86 ==============================
[0m09:46:23.179002 [info ] [MainThread]: Running with dbt=1.7.0
[0m09:46:23.182461 [debug] [MainThread]: running dbt with arguments {'printer_width': '80', 'indirect_selection': 'eager', 'log_cache_events': 'False', 'write_json': 'True', 'partial_parse': 'True', 'cache_selected_only': 'False', 'profiles_dir': '/root/.dbt', 'version_check': 'True', 'debug': 'False', 'log_path': '/usr/app/logs', 'fail_fast': 'False', 'warn_error': 'None', 'use_colors': 'True', 'use_experimental_parser': 'False', 'no_print': 'None', 'quiet': 'False', 'warn_error_options': 'WarnErrorOptions(include=[], exclude=[])', 'introspect': 'True', 'static_parser': 'True', 'log_format': 'default', 'target_path': 'None', 'invocation_command': 'dbt run', 'send_anonymous_usage_stats': 'True'}
[0m09:46:25.190957 [debug] [MainThread]: Sending event: {'category': 'dbt', 'action': 'project_id', 'label': '77d0ae83-31a9-49ad-a167-abeee2967a86', 'context': [<snowplow_tracker.self_describing_json.SelfDescribingJson object at 0x741fe07bee00>]}
[0m09:46:25.455911 [debug] [MainThread]: Sending event: {'category': 'dbt', 'action': 'adapter_info', 'label': '77d0ae83-31a9-49ad-a167-abeee2967a86', 'context': [<snowplow_tracker.self_describing_json.SelfDescribingJson object at 0x741fe1f3cd60>]}
[0m09:46:25.460132 [info ] [MainThread]: Registered adapter: bigquery=1.7.0
[0m09:46:25.499696 [debug] [MainThread]: checksum: 8434eacd4ffdf0ca3ab22bf0e2d55b45306c9599613e842b959405abc489e606, vars: {}, profile: , target: , version: 1.7.0
[0m09:46:26.083222 [debug] [MainThread]: Partial parsing enabled: 2 files deleted, 1 files added, 0 files changed.
[0m09:46:26.086220 [debug] [MainThread]: Partial parsing: added file: meu_projeto_dbt://models/example/fct_taxis_diario.sql
[0m09:46:26.091427 [debug] [MainThread]: Partial parsing: deleted file: meu_projeto_dbt://models/example/my_second_dbt_model.sql
[0m09:46:26.095156 [debug] [MainThread]: Partial parsing: deleted file: meu_projeto_dbt://models/example/my_first_dbt_model.sql
[0m09:46:26.645863 [warn ] [MainThread]: [[33mWARNING[0m]: Did not find matching node for patch with name 'my_second_dbt_model' in the 'models' section of file 'models/example/schema.yml'
[0m09:46:26.653039 [warn ] [MainThread]: [[33mWARNING[0m]: Did not find matching node for patch with name 'my_first_dbt_model' in the 'models' section of file 'models/example/schema.yml'
[0m09:46:26.753643 [debug] [MainThread]: Sending event: {'category': 'dbt', 'action': 'load_project', 'label': '77d0ae83-31a9-49ad-a167-abeee2967a86', 'context': [<snowplow_tracker.self_describing_json.SelfDescribingJson object at 0x741fdf12e5c0>]}
[0m09:46:26.831324 [debug] [MainThread]: Sending event: {'category': 'dbt', 'action': 'resource_counts', 'label': '77d0ae83-31a9-49ad-a167-abeee2967a86', 'context': [<snowplow_tracker.self_describing_json.SelfDescribingJson object at 0x741fe03aae00>]}
[0m09:46:26.834173 [info ] [MainThread]: Found 2 models, 0 sources, 0 exposures, 0 metrics, 447 macros, 0 groups, 0 semantic models
[0m09:46:26.837864 [debug] [MainThread]: Sending event: {'category': 'dbt', 'action': 'runnable_timing', 'label': '77d0ae83-31a9-49ad-a167-abeee2967a86', 'context': [<snowplow_tracker.self_describing_json.SelfDescribingJson object at 0x741fe03aaf80>]}
[0m09:46:26.843783 [info ] [MainThread]: 
[0m09:46:26.847854 [debug] [MainThread]: Acquiring new bigquery connection 'master'
[0m09:46:26.854240 [debug] [ThreadPool]: Acquiring new bigquery connection 'list_analise-taxis-projeto'
[0m09:46:26.858622 [debug] [ThreadPool]: Opening a new connection, currently in state init
[0m09:46:27.898241 [debug] [ThreadPool]: Re-using an available connection from the pool (formerly list_analise-taxis-projeto, now list_analise-taxis-projeto_taxis_dataset)
[0m09:46:27.901233 [debug] [ThreadPool]: Opening a new connection, currently in state closed
[0m09:46:28.613711 [debug] [MainThread]: Sending event: {'category': 'dbt', 'action': 'runnable_timing', 'label': '77d0ae83-31a9-49ad-a167-abeee2967a86', 'context': [<snowplow_tracker.self_describing_json.SelfDescribingJson object at 0x741fe03a9e10>]}
[0m09:46:28.618462 [info ] [MainThread]: Concurrency: 4 threads (target='dev')
[0m09:46:28.623617 [info ] [MainThread]: 
[0m09:46:28.650026 [debug] [Thread-1 (]: Began running node model.meu_projeto_dbt.stg_taxis_trips
[0m09:46:28.656201 [info ] [Thread-1 (]: 1 of 2 START sql view model taxis_dataset.stg_taxis_trips ...................... [RUN]
[0m09:46:28.665842 [debug] [Thread-1 (]: Re-using an available connection from the pool (formerly list_analise-taxis-projeto_taxis_dataset, now model.meu_projeto_dbt.stg_taxis_trips)
[0m09:46:28.669837 [debug] [Thread-1 (]: Began compiling node model.meu_projeto_dbt.stg_taxis_trips
[0m09:46:28.697221 [debug] [Thread-1 (]: Writing injected SQL for node "model.meu_projeto_dbt.stg_taxis_trips"
[0m09:46:28.729911 [debug] [Thread-1 (]: Timing info for model.meu_projeto_dbt.stg_taxis_trips (compile): 09:46:28.673781 => 09:46:28.729149
[0m09:46:28.734121 [debug] [Thread-1 (]: Began executing node model.meu_projeto_dbt.stg_taxis_trips
[0m09:46:28.797400 [debug] [Thread-1 (]: Writing runtime sql for node "model.meu_projeto_dbt.stg_taxis_trips"
[0m09:46:28.812580 [debug] [Thread-1 (]: Opening a new connection, currently in state closed
[0m09:46:28.821210 [debug] [Thread-1 (]: On model.meu_projeto_dbt.stg_taxis_trips: /* {"app": "dbt", "dbt_version": "1.7.0", "profile_name": "meu_projeto_dbt", "target_name": "dev", "node_id": "model.meu_projeto_dbt.stg_taxis_trips"} */


  create or replace view `analise-taxis-projeto`.`taxis_dataset`.`stg_taxis_trips`
  OPTIONS()
  as 

SELECT
    vendor_id AS id_fornecedor,
    pickup_datetime AS data_hora_partida,
    dropoff_datetime AS data_hora_chegada,
    passenger_count AS quantidade_passageiros,
    trip_distance AS distancia_viagem,
    total_amount AS valor_total
FROM
    `bigquery-public-data.new_york_taxi_trips.tlc_green_trips_2018`
WHERE
    trip_distance > 0
    AND total_amount > 0
    AND passenger_count IS NOT NULL;


[0m09:46:30.345224 [debug] [Thread-1 (]: BigQuery adapter: https://console.cloud.google.com/bigquery?project=analise-taxis-projeto&j=bq:US:f19ae989-7fe1-4e29-9369-82d2fba3cd87&page=queryresults
[0m09:46:30.909349 [debug] [Thread-1 (]: Timing info for model.meu_projeto_dbt.stg_taxis_trips (execute): 09:46:28.737180 => 09:46:30.909001
[0m09:46:30.911645 [debug] [Thread-1 (]: Sending event: {'category': 'dbt', 'action': 'run_model', 'label': '77d0ae83-31a9-49ad-a167-abeee2967a86', 'context': [<snowplow_tracker.self_describing_json.SelfDescribingJson object at 0x741fe03aa2c0>]}
[0m09:46:30.913857 [info ] [Thread-1 (]: 1 of 2 OK created sql view model taxis_dataset.stg_taxis_trips ................. [[32mCREATE VIEW (0 processed)[0m in 2.25s]
[0m09:46:30.916657 [debug] [Thread-1 (]: Finished running node model.meu_projeto_dbt.stg_taxis_trips
[0m09:46:30.920001 [debug] [Thread-3 (]: Began running node model.meu_projeto_dbt.fct_taxis_diario
[0m09:46:30.922160 [info ] [Thread-3 (]: 2 of 2 START sql table model taxis_dataset.fct_taxis_diario .................... [RUN]
[0m09:46:30.925609 [debug] [Thread-3 (]: Acquiring new bigquery connection 'model.meu_projeto_dbt.fct_taxis_diario'
[0m09:46:30.927678 [debug] [Thread-3 (]: Began compiling node model.meu_projeto_dbt.fct_taxis_diario
[0m09:46:30.933923 [debug] [Thread-3 (]: Writing injected SQL for node "model.meu_projeto_dbt.fct_taxis_diario"
[0m09:46:30.957346 [debug] [Thread-3 (]: Timing info for model.meu_projeto_dbt.fct_taxis_diario (compile): 09:46:30.929448 => 09:46:30.956539
[0m09:46:30.961246 [debug] [Thread-3 (]: Began executing node model.meu_projeto_dbt.fct_taxis_diario
[0m09:46:31.054701 [debug] [Thread-3 (]: Writing runtime sql for node "model.meu_projeto_dbt.fct_taxis_diario"
[0m09:46:31.090609 [debug] [Thread-3 (]: Opening a new connection, currently in state init
[0m09:46:31.104222 [debug] [Thread-3 (]: On model.meu_projeto_dbt.fct_taxis_diario: /* {"app": "dbt", "dbt_version": "1.7.0", "profile_name": "meu_projeto_dbt", "target_name": "dev", "node_id": "model.meu_projeto_dbt.fct_taxis_diario"} */

  
    

    create or replace table `analise-taxis-projeto`.`taxis_dataset`.`fct_taxis_diario`
      
    
    

    OPTIONS()
    as (
      

select
    date(data_hora_partida) as data_partida,
    count(1) as total_viagens,
    -- Ajuste os nomes das colunas abaixo de acordo com o seu esquema real de dados se necessário:
    avg(distancia_viagem) as distancia_media,
    avg(valor_total) as valor_medio
from `analise-taxis-projeto`.`taxis_dataset`.`stg_taxis_trips`
group by 1
order by data_partida desc
    );
  
[0m09:46:32.175858 [debug] [Thread-3 (]: BigQuery adapter: https://console.cloud.google.com/bigquery?project=analise-taxis-projeto&j=bq:US:02c98fc3-ca65-4df0-b25a-ef73fb94df51&page=queryresults
[0m09:46:33.831805 [debug] [Thread-3 (]: Timing info for model.meu_projeto_dbt.fct_taxis_diario (execute): 09:46:30.963896 => 09:46:33.831374
[0m09:46:33.835795 [debug] [Thread-3 (]: Sending event: {'category': 'dbt', 'action': 'run_model', 'label': '77d0ae83-31a9-49ad-a167-abeee2967a86', 'context': [<snowplow_tracker.self_describing_json.SelfDescribingJson object at 0x741fdf04dff0>]}
[0m09:46:33.839260 [info ] [Thread-3 (]: 2 of 2 OK created sql table model taxis_dataset.fct_taxis_diario ............... [[32mCREATE TABLE (402.0 rows, 406.6 MiB processed)[0m in 2.91s]
[0m09:46:33.844184 [debug] [Thread-3 (]: Finished running node model.meu_projeto_dbt.fct_taxis_diario
[0m09:46:33.851235 [debug] [MainThread]: Connection 'master' was properly closed.
[0m09:46:33.854147 [debug] [MainThread]: Connection 'model.meu_projeto_dbt.stg_taxis_trips' was properly closed.
[0m09:46:33.857611 [debug] [MainThread]: Connection 'model.meu_projeto_dbt.fct_taxis_diario' was properly closed.
[0m09:46:33.861985 [info ] [MainThread]: 
[0m09:46:33.865681 [info ] [MainThread]: Finished running 1 view model, 1 table model in 0 hours 0 minutes and 7.01 seconds (7.01s).
[0m09:46:33.870233 [debug] [MainThread]: Command end result
[0m09:46:33.943391 [info ] [MainThread]: 
[0m09:46:33.947120 [info ] [MainThread]: [32mCompleted successfully[0m
[0m09:46:33.950084 [info ] [MainThread]: 
[0m09:46:33.953080 [info ] [MainThread]: Done. PASS=2 WARN=0 ERROR=0 SKIP=0 TOTAL=2
[0m09:46:33.959311 [debug] [MainThread]: Resource report: {"command_name": "run", "command_success": true, "command_wall_clock_time": 10.9617405, "process_user_time": 10.451307, "process_kernel_time": 2.395691, "process_mem_max_rss": "131608", "process_in_blocks": "121352", "process_out_blocks": "704"}
[0m09:46:33.963415 [debug] [MainThread]: Command `dbt run` succeeded at 09:46:33.963068 after 10.97 seconds
[0m09:46:33.965841 [debug] [MainThread]: Sending event: {'category': 'dbt', 'action': 'invocation', 'label': 'end', 'context': [<snowplow_tracker.self_describing_json.SelfDescribingJson object at 0x741fe41dc580>, <snowplow_tracker.self_describing_json.SelfDescribingJson object at 0x741fe06eb0d0>, <snowplow_tracker.self_describing_json.SelfDescribingJson object at 0x741fdf053520>]}
[0m09:46:33.968614 [debug] [MainThread]: Flushing usage events
